// Jest Snapshot v1, https://goo.gl/fbAQLP

exports[`<SearchBar /> renders and matches snapshot 1`] = `
<div
  className="container"
>
  <div
    className="click-container"
  >
    <h4
      className="clicked"
      data-test="searchByName"
      onClick={[Function]}
    >
      Search by name
    </h4>
    <h4
      className="clickable"
      data-test="searchByCityYearGenre"
      onClick={[Function]}
    >
      Search by city, year, genre
    </h4>
  </div>
  <SearchByName
    haveSearched={[Function]}
  />
  <h5
    className="allPlayers"
  >
    Or, see all players
  </h5>
</div>
`;
